C:\Users\Joan David\eclipse-workspace\reasoningJAR\src\main\java\com\coffee\coffeeParser\CoffeeMiniZincParser.java
C:\Users\Joan David\eclipse-workspace\reasoningJAR\src\main\java\com\coffee\compiler\Solver.java
C:\Users\Joan David\eclipse-workspace\reasoningJAR\src\main\java\com\coffee\compiler\CompilationParameters.java
C:\Users\Joan David\eclipse-workspace\reasoningJAR\src\main\java\com\coffee\miniZincExecutor\CoffeeMiniZincExecutor.java
C:\Users\Joan David\eclipse-workspace\reasoningJAR\src\main\java\com\coffee\compiler\CompilerAnswer.java
C:\Users\Joan David\eclipse-workspace\reasoningJAR\src\main\java\com\coffee\compiler\SolverType.java
C:\Users\Joan David\eclipse-workspace\reasoningJAR\src\main\java\com\coffee\common\utils\FileUtils.java
C:\Users\Joan David\eclipse-workspace\reasoningJAR\src\main\java\com\coffee\common\utils\JsonMng.java
C:\Users\Joan David\eclipse-workspace\reasoningJAR\src\main\java\com\coffee\compiler\ICompiler.java
C:\Users\Joan David\eclipse-workspace\reasoningJAR\src\main\java\com\coffee\compiler\ProblemType.java
C:\Users\Joan David\eclipse-workspace\reasoningJAR\src\main\java\com\coffee\miniZincExecutor\CoffeeExecutable.java
C:\Users\Joan David\eclipse-workspace\reasoningJAR\src\main\java\com\coffee\miniZincExecutor\CoffeePipedExecutor.java
C:\Users\Joan David\eclipse-workspace\reasoningJAR\src\main\java\com\coffee\compiler\Compiler.java
C:\Users\Joan David\eclipse-workspace\reasoningJAR\src\main\java\com\coffee\compiler\SourceOfCompilation.java
C:\Users\Joan David\eclipse-workspace\reasoningJAR\src\main\java\com\coffee\coffeeParser\Solution.java
C:\Users\Joan David\eclipse-workspace\reasoningJAR\src\main\java\com\coffee\com\coffee\reasoning\Reasoning.java
